
> solven-silverlight@1.0.0 build
> next build

   Ôû▓ Next.js 15.5.12
   - Environments: .env.local, .env
   - Experiments (use with caution):
     Ô£ô reactCompiler

   Creating an optimized production build ...
 Ô£ô Compiled successfully in 95s
   Linting and checking validity of types ...
node.exe :  Ô¿» ESLint: Plugin "" not found.
En C:\Program Files\nodejs\npm.ps1: 29 Carácter: 3
+   & $NODE_EXE $NPM_CLI_JS $args
+   ~~~~~~~~~~~~~~~~~~~~~~~~~~~~~
    + CategoryInfo          : NotSpecified: ( Ô¿» ESLint: Plugin "" not 
found.:String) [], Remo    teException
    + FullyQualifiedErrorId : NativeCommandError
 
   Collecting page data ...
   Generating static pages (0/28) ...
   Generating static pages (7/28) 
   Generating static pages (14/28) 
[Usuarios Debug] Clientes recibidos: []
   Generating static pages (21/28) 
[Usuarios Debug] Consulta directa a clients: {
  error: null,
  data: [
    {
      id: 'cb6bfcb2-c3cf-4d90-ac95-d35afdc6fa92',
      name: 'Prueba',
      email: 'desarrollo@silverlight.com.co',
      phone: '123',
      address: '123',
      contact_person: 'Juan ',
      created_at: '2025-11-25T21:14:39.696111+00:00',
      updated_at: '2025-12-16T17:56:33.033537+00:00',
      nit: '123',
      mantenimientos_al_anio: 5,
      client_type: 'contrato_software'
    },
    {
      id: '40518078-8d73-434d-a702-15293178a414',
      name: 'Silverlight Colombia',
      email: 'rodrigo@silverlight.com.co',
      phone: '3142035222',
      address: 'Calle 74 # 15-80',
      contact_person: 'Rodrigo Quintero',
      created_at: '2025-12-24T16:38:48.747273+00:00',
      updated_at: '2025-12-24T16:39:23.64348+00:00',
      nit: '900209242',
      mantenimientos_al_anio: 1,
      client_type: 'contrato_ambos'
    },
    {
      id: 'b89f6a81-2eb6-4f0b-8545-2388383975dc',
      name: 'Inversiones Transsabana SAS',
      email: 'Viviana.rodriguez@transsabana.com',
      phone: '3005634208',
      address: 'Carrera 70F # 127A - 77',
      contact_person: 'Viviana Rodriguez',
      created_at: '2025-12-26T20:25:07.913325+00:00',
      updated_at: '2025-12-26T20:25:07.913325+00:00',
      nit: '900512082-6',
      mantenimientos_al_anio: 1,
      client_type: null
    },
    {
      id: '3b4eb81a-2020-4f1a-8f59-093995730a70',
      name: 'Ingenieria y Gases ltda - Ingegas',
      email: 'asanchez@ingegas.com',
      phone: '3112323163 - 6706126',
      address: 'asanchez@ingegas.com',
      contact_person: 'Gloria Sanchez',
      created_at: '2025-12-29T14:57:20.486781+00:00',
      updated_at: '2025-12-29T15:00:20.332621+00:00',
      nit: '860500283-3',
      mantenimientos_al_anio: 1,
      client_type: 'contrato_ambos'
    },
    {
      id: '2ca052e8-2d04-4ab9-8f23-1bc9365c6ada',
      name: 'Ingenieria, construciones y dise├▒os C&D',
      email: 'lrodriguez@cydsas.com',
      phone: '3103499753 - 2127141',
      address: 'Calle 53A-16-36',
      contact_person: 'Jheimy Gutierrez',
      created_at: '2025-12-29T15:02:22.106126+00:00',
      updated_at: '2025-12-29T15:02:22.106126+00:00',
      nit: '900212444',
      mantenimientos_al_anio: 1,
      client_type: null
    },
    {
      id: '79b0998f-d881-4d5a-bb52-dab5c7e440a0',
      name: 'US Biosolutions ltda',
      email: 'contabilidad@usbiocolombia.com',
      phone: '3123059384 - 2214749',
      address: 'Carrera 66C # 42-55',
      contact_person: 'Carolina Diaz',
      created_at: '2025-12-29T15:07:38.197732+00:00',
      updated_at: '2025-12-29T15:07:38.197732+00:00',
      nit: '830116015',
      mantenimientos_al_anio: 3,
      client_type: null
    },
    {
      id: '0745962e-0dc2-4957-b4e2-f882842b0628',
      name: 'Punto Azul',
      email: 'gerenteadministrativo@puntoazul.com.co',
      phone: '3134623883',
      address: 'Carrera 13 # 93-68',
      contact_person: 'Juan Manuel Arias',
      created_at: '2025-12-29T15:16:06.693513+00:00',
      updated_at: '2025-12-29T15:16:06.693513+00:00',
      nit: '900684779-8',
      mantenimientos_al_anio: 2,
      client_type: null
    },
    {
      id: '667a4a5d-531b-4e26-9b8d-dd91d195af0e',
      name: 'Transportes Fontibon S.A',
      email: 'gmahecha@transfontibon.com.co',
      phone: '3002218382 - 7437443',
      address: 'Av. Calle 24 95A-80 Oficina 505-506',
      contact_person: 'Gertson Mahecha',
      created_at: '2025-12-29T15:18:46.135545+00:00',
      updated_at: '2025-12-29T15:18:46.135545+00:00',
      nit: '860005337-1',
      mantenimientos_al_anio: 3,
      client_type: null
    },
    {
      id: '86d0d5af-9e37-448c-a05a-f63c47b4b9e4',
      name: 'Dimetales S.A.S',
      email: 'dianamercadeo@dimetales.com',
      phone: '3118535447',
      address: 'Calle 13 21-89',
      contact_person: 'Diana Cubides',
      created_at: '2026-02-10T16:03:40.564454+00:00',
      updated_at: '2026-02-10T16:03:40.564454+00:00',
      nit: '830100199-7',
      mantenimientos_al_anio: 0,
      client_type: 'on_demand_ambos'
    }
  ],
  count: null,
  status: 200,
  statusText: 'OK'
}
 Ô£ô Generating static pages (28/28)
   Finalizing page optimization ...
   Collecting build traces ...
[Error: ENOENT: no such file or directory, open 'C:\Users\User\Desktop\solven-s
ilverlight\.next\server\app\_not-found\page.js.nft.json'] {
  errno: -4058,
  code: 'ENOENT',
  syscall: 'open',
  path: 'C:\\Users\\User\\Desktop\\solven-silverlight\\.next\\server\\app\\_not
-found\\page.js.nft.json'
}
